------------------------------------------------------------
TimeQuest Timing Analyzer Summary
------------------------------------------------------------

Type  : Slow 1100mV 85C Model Setup 'clock'
Slack : -18.629
TNS   : -19352.520

Type  : Slow 1100mV 85C Model Hold 'clock'
Slack : -1.493
TNS   : -2.966

Type  : Slow 1100mV 85C Model Minimum Pulse Width 'clock'
Slack : -2.174
TNS   : -783.909

Type  : Slow 1100mV 0C Model Setup 'clock'
Slack : -18.525
TNS   : -19189.029

Type  : Slow 1100mV 0C Model Hold 'clock'
Slack : -1.463
TNS   : -2.908

Type  : Slow 1100mV 0C Model Minimum Pulse Width 'clock'
Slack : -2.174
TNS   : -790.415

Type  : Fast 1100mV 85C Model Setup 'clock'
Slack : -11.436
TNS   : -11796.899

Type  : Fast 1100mV 85C Model Hold 'clock'
Slack : -1.092
TNS   : -2.166

Type  : Fast 1100mV 85C Model Minimum Pulse Width 'clock'
Slack : -2.174
TNS   : -308.343

Type  : Fast 1100mV 0C Model Setup 'clock'
Slack : -10.547
TNS   : -10916.278

Type  : Fast 1100mV 0C Model Hold 'clock'
Slack : -1.045
TNS   : -2.072

Type  : Fast 1100mV 0C Model Minimum Pulse Width 'clock'
Slack : -2.174
TNS   : -304.089

------------------------------------------------------------
